Added Component: Designator=CR1(SchDiode)
Add component (AddParameter): Name = "Copyright"; Value = "Copyright (C) 2025 Ultra Librarian. All rights reserved."; VariantName = "[No Variations]"
Add component (AddParameter): Name = "Manufacturer_Name"; Value = "MCC"; VariantName = "[No Variations]"
Add component (AddParameter): Name = "Manufacturer_Part_Number"; Value = "B5819W-TP"; VariantName = "[No Variations]"
Add component (AddParameter): Name = "RefDes"; Value = ""; VariantName = "[No Variations]"
Add component (AddParameter): Name = "Type"; Value = ""; VariantName = "[No Variations]"
Added Component: Designator=J1(MicroSD)
Add component (AddParameter): Name = "Copyright"; Value = "Copyright (C) 2025 Ultra Librarian. All rights reserved."; VariantName = "[No Variations]"
Add component (AddParameter): Name = "Manufacturer_Name"; Value = "Global Connector Technology"; VariantName = "[No Variations]"
Add component (AddParameter): Name = "Manufacturer_Part_Number"; Value = "MEM2080-00-128-00-A"; VariantName = "[No Variations]"
Add component (AddParameter): Name = "RefDes"; Value = "RefDes"; VariantName = "[No Variations]"
Add component (AddParameter): Name = "Type"; Value = "Type"; VariantName = "[No Variations]"
Added Component: Designator=J2(MicroUSB)
Add component (AddParameter): Name = "Copyright"; Value = "Copyright (C) 2026 Ultra Librarian. All rights reserved."; VariantName = "[No Variations]"
Add component (AddParameter): Name = "Manufacturer_Name"; Value = "Amphenol ICC"; VariantName = "[No Variations]"
Add component (AddParameter): Name = "Manufacturer_Part_Number"; Value = "10118194-0001LF"; VariantName = "[No Variations]"
Add component (AddParameter): Name = "RefDes"; Value = "RefDes"; VariantName = "[No Variations]"
Add component (AddParameter): Name = "Type"; Value = "Type"; VariantName = "[No Variations]"
Added Component: Designator=U1(MCU)
Add component (AddParameter): Name = "Copyright"; Value = "Copyright (C) 2026 Ultra Librarian. All rights reserved."; VariantName = "[No Variations]"
Add component (AddParameter): Name = "Manufacturer_Name"; Value = "Microchip"; VariantName = "[No Variations]"
Add component (AddParameter): Name = "Manufacturer_Part_Number"; Value = "ATSAMD21E18A-MUT"; VariantName = "[No Variations]"
Add component (AddParameter): Name = "RefDes"; Value = "RefDes"; VariantName = "[No Variations]"
Add component (AddParameter): Name = "Type"; Value = "Type"; VariantName = "[No Variations]"
Added Component: Designator=U2(IMU)
Add component (AddParameter): Name = "Copyright"; Value = "Copyright (C) 2025 Ultra Librarian. All rights reserved."; VariantName = "[No Variations]"
Add component (AddParameter): Name = "Manufacturer_Name"; Value = "STMicroelectronics"; VariantName = "[No Variations]"
Add component (AddParameter): Name = "Manufacturer_Part_Number"; Value = "LSM6DSRXTR"; VariantName = "[No Variations]"
Add component (AddParameter): Name = "RefDes"; Value = "RefDes"; VariantName = "[No Variations]"
Add component (AddParameter): Name = "Type"; Value = "Type"; VariantName = "[No Variations]"
Added Component: Designator=U3(LinReg)
Add component (AddParameter): Name = "Copyright"; Value = "Copyright (C) 2026 Ultra Librarian. All rights reserved."; VariantName = "[No Variations]"
Add component (AddParameter): Name = "Manufacturer_Name"; Value = "onsemi"; VariantName = "[No Variations]"
Add component (AddParameter): Name = "Manufacturer_Part_Number"; Value = "NCP1117ST33T3G"; VariantName = "[No Variations]"
Add component (AddParameter): Name = "RefDes"; Value = "RefDes"; VariantName = "[No Variations]"
Add component (AddParameter): Name = "Type"; Value = "Type"; VariantName = "[No Variations]"
Added Pin To Net: NetName=3V3 Pin=J1-P4
Added Pin To Net: NetName=3V3 Pin=U1-9
Added Pin To Net: NetName=3V3 Pin=U1-26
Added Pin To Net: NetName=3V3 Pin=U1-30
Added Pin To Net: NetName=3V3 Pin=U2-5
Added Pin To Net: NetName=3V3 Pin=U2-8
Added Pin To Net: NetName=3V3 Pin=U3-2
Added Net: Name=3V3
Added Pin To Net: NetName=CS Pin=U1-3
Added Pin To Net: NetName=CS Pin=U2-12
Added Net: Name=CS
Added Pin To Net: NetName=GND Pin=J1-MNT1
Added Pin To Net: NetName=GND Pin=J1-MNT2
Added Pin To Net: NetName=GND Pin=J1-MNT3
Added Pin To Net: NetName=GND Pin=J1-MNT4
Added Pin To Net: NetName=GND Pin=J1-P6
Added Pin To Net: NetName=GND Pin=J2-5
Added Pin To Net: NetName=GND Pin=J2-10
Added Pin To Net: NetName=GND Pin=J2-11
Added Pin To Net: NetName=GND Pin=J2-S_1
Added Pin To Net: NetName=GND Pin=J2-S_2
Added Pin To Net: NetName=GND Pin=J2-S_3
Added Pin To Net: NetName=GND Pin=J2-S_4
Added Pin To Net: NetName=GND Pin=U1-10
Added Pin To Net: NetName=GND Pin=U1-28
Added Pin To Net: NetName=GND Pin=U1-33
Added Pin To Net: NetName=GND Pin=U2-2
Added Pin To Net: NetName=GND Pin=U2-3
Added Pin To Net: NetName=GND Pin=U2-6
Added Pin To Net: NetName=GND Pin=U2-7
Added Pin To Net: NetName=GND Pin=U3-1
Added Net: Name=GND
Added Pin To Net: NetName=INT1 Pin=U2-4
Added Net: Name=INT1
Added Pin To Net: NetName=M_CS Pin=J1-P2
Added Pin To Net: NetName=M_CS Pin=U1-20
Added Net: Name=M_CS
Added Pin To Net: NetName=M_MISO Pin=J1-P7
Added Pin To Net: NetName=M_MISO Pin=U1-19
Added Net: Name=M_MISO
Added Pin To Net: NetName=M_MOSI Pin=J1-P3
Added Pin To Net: NetName=M_MOSI Pin=U1-17
Added Net: Name=M_MOSI
Added Pin To Net: NetName=M_SCK Pin=J1-P5
Added Pin To Net: NetName=M_SCK Pin=U1-18
Added Net: Name=M_SCK
Added Pin To Net: NetName=MISO Pin=U1-7
Added Pin To Net: NetName=MISO Pin=U2-1
Added Net: Name=MISO
Added Pin To Net: NetName=MOSI Pin=U1-5
Added Pin To Net: NetName=MOSI Pin=U2-14
Added Net: Name=MOSI
Added Pin To Net: NetName=NetCR1_2 Pin=CR1-2
Added Pin To Net: NetName=NetCR1_2 Pin=J2-1
Added Net: Name=NetCR1_2
Added Pin To Net: NetName=SCK Pin=U1-6
Added Pin To Net: NetName=SCK Pin=U2-13
Added Net: Name=SCK
Added Pin To Net: NetName=U_D- Pin=J2-2
Added Net: Name=U_D-
Added Pin To Net: NetName=U_D+ Pin=J2-3
Added Net: Name=U_D+
Added Pin To Net: NetName=Vin Pin=CR1-1
Added Pin To Net: NetName=Vin Pin=U3-3
Added Net: Name=Vin
Added Class: Name=Teeny
Added Rule: Name=Schematic Supply Nets
Added Rule: Name=Schematic Supply Nets_1
Added Rule: Name=Schematic Supply Nets_2
